Release 14.7 Map P.20131013 (lin64)
Xilinx Map Application Log File for Design 'pcb'

Design Information
------------------
Command Line   : map -intstyle ise -p xc3s700an-fgg484-4 -cm area -ir off -pr
off -c 100 -o pcb_map.ncd pcb.ngd pcb.pcf 
Target Device  : xc3s700an
Target Package : fgg484
Target Speed   : -4
Mapper Version : spartan3a -- $Revision: 1.55 $
Mapped Date    : Sun Oct 23 09:08:51 2016

Mapping design into LUTs...
WARNING:LIT:176 - Clock buffer is designated to drive clock loads. BUFGMUX
   symbol
   "physical_group_ddr_mgr_main_inst/mig_clk0/ddr_mgr_main_inst/u_mem_controller
   /infrastructure_top0/clk_dcm0/BUFG_CLK0" (output
   signal=ddr_mgr_main_inst/mig_clk0) has a mix of clock and non-clock loads.
   The non-clock loads are:
   Pin I0 of
   ddr_mgr_main_inst/u_mem_controller/infrastructure_top0/cal_top0/tap_dly0/l0
Running directed packing...
Running delay-based LUT packing...
Running related packing...
Updating timing models...
WARNING:PhysDesignRules:372 - Gated clock. Clock net
   ddr_mgr_main_inst/u_mem_controller/top_00/data_path0/dqs_delayed_col1<0> is
   sourced by a combinatorial pin. This is not good design practice. Use the CE
   pin to control the loading of data into the flip-flop.
WARNING:PhysDesignRules:372 - Gated clock. Clock net
   ddr_mgr_main_inst/u_mem_controller/top_00/data_path0/dqs_delayed_col0<0> is
   sourced by a combinatorial pin. This is not good design practice. Use the CE
   pin to control the loading of data into the flip-flop.
WARNING:PhysDesignRules:372 - Gated clock. Clock net
   ddr_mgr_main_inst/u_mem_controller/top_00/data_path0/dqs_delayed_col1<1> is
   sourced by a combinatorial pin. This is not good design practice. Use the CE
   pin to control the loading of data into the flip-flop.
WARNING:PhysDesignRules:372 - Gated clock. Clock net
   ddr_mgr_main_inst/u_mem_controller/top_00/data_path0/dqs_delayed_col0<1> is
   sourced by a combinatorial pin. This is not good design practice. Use the CE
   pin to control the loading of data into the flip-flop.
WARNING:PhysDesignRules:372 - Gated clock. Clock net icon_control0<13> is
   sourced by a combinatorial pin. This is not good design practice. Use the CE
   pin to control the loading of data into the flip-flop.
WARNING:PhysDesignRules:367 - The signal <SW<1>_IBUF> is incomplete. The signal
   does not drive any load pins in the design.
WARNING:PhysDesignRules:367 - The signal <SW<2>_IBUF> is incomplete. The signal
   does not drive any load pins in the design.
WARNING:PhysDesignRules:367 - The signal <SW<3>_IBUF> is incomplete. The signal
   does not drive any load pins in the design.
WARNING:PhysDesignRules:367 - The signal <CLK_AUX_IBUF> is incomplete. The
   signal does not drive any load pins in the design.
WARNING:PhysDesignRules:812 - Dangling pin <DOB0> on
   block:<U_ila_pro_0/U0/I_NO_D.U_ILA/U_CAPSTOR/I_CASE1.I_NO_TB.I_RT1.U_RAM/G_BR
   AM[9].U_BRAM/ram_rt1_s1_s4_if.ram_rt1_s1_s4_i>:<RAMB16BWE_RAMB16BWE>.
WARNING:PhysDesignRules:812 - Dangling pin <DOB1> on
   block:<U_ila_pro_0/U0/I_NO_D.U_ILA/U_CAPSTOR/I_CASE1.I_NO_TB.I_RT1.U_RAM/G_BR
   AM[9].U_BRAM/ram_rt1_s1_s4_if.ram_rt1_s1_s4_i>:<RAMB16BWE_RAMB16BWE>.
WARNING:PhysDesignRules:812 - Dangling pin <DOB2> on
   block:<U_ila_pro_0/U0/I_NO_D.U_ILA/U_CAPSTOR/I_CASE1.I_NO_TB.I_RT1.U_RAM/G_BR
   AM[9].U_BRAM/ram_rt1_s1_s4_if.ram_rt1_s1_s4_i>:<RAMB16BWE_RAMB16BWE>.
WARNING:PhysDesignRules:812 - Dangling pin <DOB3> on
   block:<U_ila_pro_0/U0/I_NO_D.U_ILA/U_CAPSTOR/I_CASE1.I_NO_TB.I_RT1.U_RAM/G_BR
   AM[9].U_BRAM/ram_rt1_s1_s4_if.ram_rt1_s1_s4_i>:<RAMB16BWE_RAMB16BWE>.
WARNING:PhysDesignRules:812 - Dangling pin <DOB0> on
   block:<U_ila_pro_0/U0/I_NO_D.U_ILA/U_CAPSTOR/I_CASE1.I_NO_TB.I_RT1.U_RAM/G_BR
   AM[8].U_BRAM/ram_rt1_s1_s4_if.ram_rt1_s1_s4_i>:<RAMB16BWE_RAMB16BWE>.
WARNING:PhysDesignRules:812 - Dangling pin <DOB1> on
   block:<U_ila_pro_0/U0/I_NO_D.U_ILA/U_CAPSTOR/I_CASE1.I_NO_TB.I_RT1.U_RAM/G_BR
   AM[8].U_BRAM/ram_rt1_s1_s4_if.ram_rt1_s1_s4_i>:<RAMB16BWE_RAMB16BWE>.
WARNING:PhysDesignRules:812 - Dangling pin <DOB2> on
   block:<U_ila_pro_0/U0/I_NO_D.U_ILA/U_CAPSTOR/I_CASE1.I_NO_TB.I_RT1.U_RAM/G_BR
   AM[8].U_BRAM/ram_rt1_s1_s4_if.ram_rt1_s1_s4_i>:<RAMB16BWE_RAMB16BWE>.
WARNING:PhysDesignRules:812 - Dangling pin <DOB3> on
   block:<U_ila_pro_0/U0/I_NO_D.U_ILA/U_CAPSTOR/I_CASE1.I_NO_TB.I_RT1.U_RAM/G_BR
   AM[8].U_BRAM/ram_rt1_s1_s4_if.ram_rt1_s1_s4_i>:<RAMB16BWE_RAMB16BWE>.
WARNING:PhysDesignRules:812 - Dangling pin <DOB0> on
   block:<U_ila_pro_0/U0/I_NO_D.U_ILA/U_CAPSTOR/I_CASE1.I_NO_TB.I_RT1.U_RAM/G_BR
   AM[7].U_BRAM/ram_rt1_s1_s4_if.ram_rt1_s1_s4_i>:<RAMB16BWE_RAMB16BWE>.
WARNING:PhysDesignRules:812 - Dangling pin <DOB1> on
   block:<U_ila_pro_0/U0/I_NO_D.U_ILA/U_CAPSTOR/I_CASE1.I_NO_TB.I_RT1.U_RAM/G_BR
   AM[7].U_BRAM/ram_rt1_s1_s4_if.ram_rt1_s1_s4_i>:<RAMB16BWE_RAMB16BWE>.
WARNING:PhysDesignRules:812 - Dangling pin <DOB2> on
   block:<U_ila_pro_0/U0/I_NO_D.U_ILA/U_CAPSTOR/I_CASE1.I_NO_TB.I_RT1.U_RAM/G_BR
   AM[7].U_BRAM/ram_rt1_s1_s4_if.ram_rt1_s1_s4_i>:<RAMB16BWE_RAMB16BWE>.
WARNING:PhysDesignRules:812 - Dangling pin <DOB3> on
   block:<U_ila_pro_0/U0/I_NO_D.U_ILA/U_CAPSTOR/I_CASE1.I_NO_TB.I_RT1.U_RAM/G_BR
   AM[7].U_BRAM/ram_rt1_s1_s4_if.ram_rt1_s1_s4_i>:<RAMB16BWE_RAMB16BWE>.
WARNING:PhysDesignRules:812 - Dangling pin <DOB0> on
   block:<U_ila_pro_0/U0/I_NO_D.U_ILA/U_CAPSTOR/I_CASE1.I_NO_TB.I_RT1.U_RAM/G_BR
   AM[6].U_BRAM/ram_rt1_s1_s4_if.ram_rt1_s1_s4_i>:<RAMB16BWE_RAMB16BWE>.
WARNING:PhysDesignRules:812 - Dangling pin <DOB1> on
   block:<U_ila_pro_0/U0/I_NO_D.U_ILA/U_CAPSTOR/I_CASE1.I_NO_TB.I_RT1.U_RAM/G_BR
   AM[6].U_BRAM/ram_rt1_s1_s4_if.ram_rt1_s1_s4_i>:<RAMB16BWE_RAMB16BWE>.
WARNING:PhysDesignRules:812 - Dangling pin <DOB2> on
   block:<U_ila_pro_0/U0/I_NO_D.U_ILA/U_CAPSTOR/I_CASE1.I_NO_TB.I_RT1.U_RAM/G_BR
   AM[6].U_BRAM/ram_rt1_s1_s4_if.ram_rt1_s1_s4_i>:<RAMB16BWE_RAMB16BWE>.
WARNING:PhysDesignRules:812 - Dangling pin <DOB3> on
   block:<U_ila_pro_0/U0/I_NO_D.U_ILA/U_CAPSTOR/I_CASE1.I_NO_TB.I_RT1.U_RAM/G_BR
   AM[6].U_BRAM/ram_rt1_s1_s4_if.ram_rt1_s1_s4_i>:<RAMB16BWE_RAMB16BWE>.
WARNING:PhysDesignRules:812 - Dangling pin <DOB0> on
   block:<U_ila_pro_0/U0/I_NO_D.U_ILA/U_CAPSTOR/I_CASE1.I_NO_TB.I_RT1.U_RAM/G_BR
   AM[5].U_BRAM/ram_rt1_s1_s4_if.ram_rt1_s1_s4_i>:<RAMB16BWE_RAMB16BWE>.
WARNING:PhysDesignRules:812 - Dangling pin <DOB1> on
   block:<U_ila_pro_0/U0/I_NO_D.U_ILA/U_CAPSTOR/I_CASE1.I_NO_TB.I_RT1.U_RAM/G_BR
   AM[5].U_BRAM/ram_rt1_s1_s4_if.ram_rt1_s1_s4_i>:<RAMB16BWE_RAMB16BWE>.
WARNING:PhysDesignRules:812 - Dangling pin <DOB2> on
   block:<U_ila_pro_0/U0/I_NO_D.U_ILA/U_CAPSTOR/I_CASE1.I_NO_TB.I_RT1.U_RAM/G_BR
   AM[5].U_BRAM/ram_rt1_s1_s4_if.ram_rt1_s1_s4_i>:<RAMB16BWE_RAMB16BWE>.
WARNING:PhysDesignRules:812 - Dangling pin <DOB3> on
   block:<U_ila_pro_0/U0/I_NO_D.U_ILA/U_CAPSTOR/I_CASE1.I_NO_TB.I_RT1.U_RAM/G_BR
   AM[5].U_BRAM/ram_rt1_s1_s4_if.ram_rt1_s1_s4_i>:<RAMB16BWE_RAMB16BWE>.
WARNING:PhysDesignRules:812 - Dangling pin <DOB0> on
   block:<U_ila_pro_0/U0/I_NO_D.U_ILA/U_CAPSTOR/I_CASE1.I_NO_TB.I_RT1.U_RAM/G_BR
   AM[4].U_BRAM/ram_rt1_s1_s4_if.ram_rt1_s1_s4_i>:<RAMB16BWE_RAMB16BWE>.
WARNING:PhysDesignRules:812 - Dangling pin <DOB1> on
   block:<U_ila_pro_0/U0/I_NO_D.U_ILA/U_CAPSTOR/I_CASE1.I_NO_TB.I_RT1.U_RAM/G_BR
   AM[4].U_BRAM/ram_rt1_s1_s4_if.ram_rt1_s1_s4_i>:<RAMB16BWE_RAMB16BWE>.
WARNING:PhysDesignRules:812 - Dangling pin <DOB2> on
   block:<U_ila_pro_0/U0/I_NO_D.U_ILA/U_CAPSTOR/I_CASE1.I_NO_TB.I_RT1.U_RAM/G_BR
   AM[4].U_BRAM/ram_rt1_s1_s4_if.ram_rt1_s1_s4_i>:<RAMB16BWE_RAMB16BWE>.
WARNING:PhysDesignRules:812 - Dangling pin <DOB3> on
   block:<U_ila_pro_0/U0/I_NO_D.U_ILA/U_CAPSTOR/I_CASE1.I_NO_TB.I_RT1.U_RAM/G_BR
   AM[4].U_BRAM/ram_rt1_s1_s4_if.ram_rt1_s1_s4_i>:<RAMB16BWE_RAMB16BWE>.
WARNING:PhysDesignRules:812 - Dangling pin <DOB0> on
   block:<U_ila_pro_0/U0/I_NO_D.U_ILA/U_CAPSTOR/I_CASE1.I_NO_TB.I_RT1.U_RAM/G_BR
   AM[3].U_BRAM/ram_rt1_s1_s4_if.ram_rt1_s1_s4_i>:<RAMB16BWE_RAMB16BWE>.
WARNING:PhysDesignRules:812 - Dangling pin <DOB1> on
   block:<U_ila_pro_0/U0/I_NO_D.U_ILA/U_CAPSTOR/I_CASE1.I_NO_TB.I_RT1.U_RAM/G_BR
   AM[3].U_BRAM/ram_rt1_s1_s4_if.ram_rt1_s1_s4_i>:<RAMB16BWE_RAMB16BWE>.
WARNING:PhysDesignRules:812 - Dangling pin <DOB2> on
   block:<U_ila_pro_0/U0/I_NO_D.U_ILA/U_CAPSTOR/I_CASE1.I_NO_TB.I_RT1.U_RAM/G_BR
   AM[3].U_BRAM/ram_rt1_s1_s4_if.ram_rt1_s1_s4_i>:<RAMB16BWE_RAMB16BWE>.
WARNING:PhysDesignRules:812 - Dangling pin <DOB3> on
   block:<U_ila_pro_0/U0/I_NO_D.U_ILA/U_CAPSTOR/I_CASE1.I_NO_TB.I_RT1.U_RAM/G_BR
   AM[3].U_BRAM/ram_rt1_s1_s4_if.ram_rt1_s1_s4_i>:<RAMB16BWE_RAMB16BWE>.
WARNING:PhysDesignRules:812 - Dangling pin <DOB0> on
   block:<U_ila_pro_0/U0/I_NO_D.U_ILA/U_CAPSTOR/I_CASE1.I_NO_TB.I_RT1.U_RAM/G_BR
   AM[2].U_BRAM/ram_rt1_s1_s4_if.ram_rt1_s1_s4_i>:<RAMB16BWE_RAMB16BWE>.
WARNING:PhysDesignRules:812 - Dangling pin <DOB1> on
   block:<U_ila_pro_0/U0/I_NO_D.U_ILA/U_CAPSTOR/I_CASE1.I_NO_TB.I_RT1.U_RAM/G_BR
   AM[2].U_BRAM/ram_rt1_s1_s4_if.ram_rt1_s1_s4_i>:<RAMB16BWE_RAMB16BWE>.
WARNING:PhysDesignRules:812 - Dangling pin <DOB2> on
   block:<U_ila_pro_0/U0/I_NO_D.U_ILA/U_CAPSTOR/I_CASE1.I_NO_TB.I_RT1.U_RAM/G_BR
   AM[2].U_BRAM/ram_rt1_s1_s4_if.ram_rt1_s1_s4_i>:<RAMB16BWE_RAMB16BWE>.
WARNING:PhysDesignRules:812 - Dangling pin <DOB3> on
   block:<U_ila_pro_0/U0/I_NO_D.U_ILA/U_CAPSTOR/I_CASE1.I_NO_TB.I_RT1.U_RAM/G_BR
   AM[2].U_BRAM/ram_rt1_s1_s4_if.ram_rt1_s1_s4_i>:<RAMB16BWE_RAMB16BWE>.
WARNING:PhysDesignRules:812 - Dangling pin <DOB0> on
   block:<U_ila_pro_0/U0/I_NO_D.U_ILA/U_CAPSTOR/I_CASE1.I_NO_TB.I_RT1.U_RAM/G_BR
   AM[1].U_BRAM/ram_rt1_s1_s4_if.ram_rt1_s1_s4_i>:<RAMB16BWE_RAMB16BWE>.
WARNING:PhysDesignRules:812 - Dangling pin <DOB1> on
   block:<U_ila_pro_0/U0/I_NO_D.U_ILA/U_CAPSTOR/I_CASE1.I_NO_TB.I_RT1.U_RAM/G_BR
   AM[1].U_BRAM/ram_rt1_s1_s4_if.ram_rt1_s1_s4_i>:<RAMB16BWE_RAMB16BWE>.
WARNING:PhysDesignRules:812 - Dangling pin <DOB2> on
   block:<U_ila_pro_0/U0/I_NO_D.U_ILA/U_CAPSTOR/I_CASE1.I_NO_TB.I_RT1.U_RAM/G_BR
   AM[1].U_BRAM/ram_rt1_s1_s4_if.ram_rt1_s1_s4_i>:<RAMB16BWE_RAMB16BWE>.
WARNING:PhysDesignRules:812 - Dangling pin <DOB3> on
   block:<U_ila_pro_0/U0/I_NO_D.U_ILA/U_CAPSTOR/I_CASE1.I_NO_TB.I_RT1.U_RAM/G_BR
   AM[1].U_BRAM/ram_rt1_s1_s4_if.ram_rt1_s1_s4_i>:<RAMB16BWE_RAMB16BWE>.
WARNING:PhysDesignRules:812 - Dangling pin <DOB0> on
   block:<U_ila_pro_0/U0/I_NO_D.U_ILA/U_CAPSTOR/I_CASE1.I_NO_TB.I_RT1.U_RAM/G_BR
   AM[10].U_BRAM/ram_rt1_s1_s4_if.ram_rt1_s1_s4_i>:<RAMB16BWE_RAMB16BWE>.
WARNING:PhysDesignRules:812 - Dangling pin <DOB1> on
   block:<U_ila_pro_0/U0/I_NO_D.U_ILA/U_CAPSTOR/I_CASE1.I_NO_TB.I_RT1.U_RAM/G_BR
   AM[10].U_BRAM/ram_rt1_s1_s4_if.ram_rt1_s1_s4_i>:<RAMB16BWE_RAMB16BWE>.
WARNING:PhysDesignRules:812 - Dangling pin <DOB2> on
   block:<U_ila_pro_0/U0/I_NO_D.U_ILA/U_CAPSTOR/I_CASE1.I_NO_TB.I_RT1.U_RAM/G_BR
   AM[10].U_BRAM/ram_rt1_s1_s4_if.ram_rt1_s1_s4_i>:<RAMB16BWE_RAMB16BWE>.
WARNING:PhysDesignRules:812 - Dangling pin <DOB3> on
   block:<U_ila_pro_0/U0/I_NO_D.U_ILA/U_CAPSTOR/I_CASE1.I_NO_TB.I_RT1.U_RAM/G_BR
   AM[10].U_BRAM/ram_rt1_s1_s4_if.ram_rt1_s1_s4_i>:<RAMB16BWE_RAMB16BWE>.
WARNING:PhysDesignRules:812 - Dangling pin <DOB0> on
   block:<U_ila_pro_0/U0/I_NO_D.U_ILA/U_CAPSTOR/I_CASE1.I_NO_TB.I_RT1.U_RAM/G_BR
   AM[0].U_BRAM/ram_rt1_s1_s4_if.ram_rt1_s1_s4_i>:<RAMB16BWE_RAMB16BWE>.
WARNING:PhysDesignRules:812 - Dangling pin <DOB1> on
   block:<U_ila_pro_0/U0/I_NO_D.U_ILA/U_CAPSTOR/I_CASE1.I_NO_TB.I_RT1.U_RAM/G_BR
   AM[0].U_BRAM/ram_rt1_s1_s4_if.ram_rt1_s1_s4_i>:<RAMB16BWE_RAMB16BWE>.
WARNING:PhysDesignRules:812 - Dangling pin <DOB2> on
   block:<U_ila_pro_0/U0/I_NO_D.U_ILA/U_CAPSTOR/I_CASE1.I_NO_TB.I_RT1.U_RAM/G_BR
   AM[0].U_BRAM/ram_rt1_s1_s4_if.ram_rt1_s1_s4_i>:<RAMB16BWE_RAMB16BWE>.
WARNING:PhysDesignRules:812 - Dangling pin <DOB3> on
   block:<U_ila_pro_0/U0/I_NO_D.U_ILA/U_CAPSTOR/I_CASE1.I_NO_TB.I_RT1.U_RAM/G_BR
   AM[0].U_BRAM/ram_rt1_s1_s4_if.ram_rt1_s1_s4_i>:<RAMB16BWE_RAMB16BWE>.
WARNING:PhysDesignRules:812 - Dangling pin <DIA0> on
   block:<ddr_mgr_main_inst/picoblaze_inst/picocode_inst/ram_1024_x_18>:<RAMB16B
   WE_RAMB16BWE>.
WARNING:PhysDesignRules:812 - Dangling pin <DIA1> on
   block:<ddr_mgr_main_inst/picoblaze_inst/picocode_inst/ram_1024_x_18>:<RAMB16B
   WE_RAMB16BWE>.
WARNING:PhysDesignRules:812 - Dangling pin <DIA2> on
   block:<ddr_mgr_main_inst/picoblaze_inst/picocode_inst/ram_1024_x_18>:<RAMB16B
   WE_RAMB16BWE>.
WARNING:PhysDesignRules:812 - Dangling pin <DIA3> on
   block:<ddr_mgr_main_inst/picoblaze_inst/picocode_inst/ram_1024_x_18>:<RAMB16B
   WE_RAMB16BWE>.
WARNING:PhysDesignRules:812 - Dangling pin <DIA4> on
   block:<ddr_mgr_main_inst/picoblaze_inst/picocode_inst/ram_1024_x_18>:<RAMB16B
   WE_RAMB16BWE>.
WARNING:PhysDesignRules:812 - Dangling pin <DIA5> on
   block:<ddr_mgr_main_inst/picoblaze_inst/picocode_inst/ram_1024_x_18>:<RAMB16B
   WE_RAMB16BWE>.
WARNING:PhysDesignRules:812 - Dangling pin <DIA6> on
   block:<ddr_mgr_main_inst/picoblaze_inst/picocode_inst/ram_1024_x_18>:<RAMB16B
   WE_RAMB16BWE>.
WARNING:PhysDesignRules:812 - Dangling pin <DIA7> on
   block:<ddr_mgr_main_inst/picoblaze_inst/picocode_inst/ram_1024_x_18>:<RAMB16B
   WE_RAMB16BWE>.
WARNING:PhysDesignRules:812 - Dangling pin <DIA8> on
   block:<ddr_mgr_main_inst/picoblaze_inst/picocode_inst/ram_1024_x_18>:<RAMB16B
   WE_RAMB16BWE>.
WARNING:PhysDesignRules:812 - Dangling pin <DIA9> on
   block:<ddr_mgr_main_inst/picoblaze_inst/picocode_inst/ram_1024_x_18>:<RAMB16B
   WE_RAMB16BWE>.
WARNING:PhysDesignRules:812 - Dangling pin <DIA10> on
   block:<ddr_mgr_main_inst/picoblaze_inst/picocode_inst/ram_1024_x_18>:<RAMB16B
   WE_RAMB16BWE>.
WARNING:PhysDesignRules:812 - Dangling pin <DIA11> on
   block:<ddr_mgr_main_inst/picoblaze_inst/picocode_inst/ram_1024_x_18>:<RAMB16B
   WE_RAMB16BWE>.
WARNING:PhysDesignRules:812 - Dangling pin <DIA12> on
   block:<ddr_mgr_main_inst/picoblaze_inst/picocode_inst/ram_1024_x_18>:<RAMB16B
   WE_RAMB16BWE>.
WARNING:PhysDesignRules:812 - Dangling pin <DIA13> on
   block:<ddr_mgr_main_inst/picoblaze_inst/picocode_inst/ram_1024_x_18>:<RAMB16B
   WE_RAMB16BWE>.
WARNING:PhysDesignRules:812 - Dangling pin <DIA14> on
   block:<ddr_mgr_main_inst/picoblaze_inst/picocode_inst/ram_1024_x_18>:<RAMB16B
   WE_RAMB16BWE>.
WARNING:PhysDesignRules:812 - Dangling pin <DIA15> on
   block:<ddr_mgr_main_inst/picoblaze_inst/picocode_inst/ram_1024_x_18>:<RAMB16B
   WE_RAMB16BWE>.

Design Summary
--------------

Design Summary:
Number of errors:      0
Number of warnings:   70
Logic Utilization:
  Total Number Slice Registers:       1,217 out of  11,776   10%
    Number used as Flip Flops:        1,216
    Number used as Latches:               1
  Number of 4 input LUTs:             1,168 out of  11,776    9%
Logic Distribution:
  Number of occupied Slices:          1,065 out of   5,888   18%
    Number of Slices containing only related logic:   1,065 out of   1,065 100%
    Number of Slices containing unrelated logic:          0 out of   1,065   0%
      *See NOTES below for an explanation of the effects of unrelated logic.
  Total Number of 4 input LUTs:       1,337 out of  11,776   11%
    Number used as logic:               831
    Number used as a route-thru:        169
    Number used for Dual Port RAMs:      80
      (Two LUTs used per Dual Port RAM)
    Number used for 32x1 RAMs:           52
      (Two LUTs used per 32x1 RAM)
    Number used as Shift registers:     205

  The Slice Logic Distribution report is not meaningful if the design is
  over-mapped for a non-slice resource or if Placement fails.

  Number of bonded IOBs:                 54 out of     372   14%
    IOB Flip Flops:                      20
    IOB Master Pads:                      3
    IOB Slave Pads:                       3
  Number of ODDR2s used:                 24
    Number of DDR_ALIGNMENT = NONE       24
    Number of DDR_ALIGNMENT = C0          0
    Number of DDR_ALIGNMENT = C1          0
  Number of BUFGMUXs:                     6 out of      24   25%
  Number of DCMs:                         2 out of       8   25%
  Number of BSCANs:                       1 out of       1  100%
  Number of BSCAN_SPARTAN3As:             1 out of       1  100%
  Number of RAMB16BWEs:                  12 out of      20   60%

  Number of RPM macros:           13
Average Fanout of Non-Clock Nets:                3.13

Peak Memory Usage:  681 MB
Total REAL time to MAP completion:  6 secs 
Total CPU time to MAP completion:   4 secs 

NOTES:

   Related logic is defined as being logic that shares connectivity - e.g. two
   LUTs are "related" if they share common inputs.  When assembling slices,
   Map gives priority to combine logic that is related.  Doing so results in
   the best timing performance.

   Unrelated logic shares no connectivity.  Map will only begin packing
   unrelated logic into a slice once 99% of the slices are occupied through
   related logic packing.

   Note that once logic distribution reaches the 99% level through related
   logic packing, this does not mean the device is completely utilized.
   Unrelated logic packing will then begin, continuing until all usable LUTs
   and FFs are occupied.  Depending on your timing budget, increased levels of
   unrelated logic packing may adversely affect the overall timing performance
   of your design.

Mapping completed.
See MAP report file "pcb_map.mrp" for details.
